============================================================
 Timestamp: 2026-06-13T01:29:23.278041
 Output: /home/laksanthd/SARL_FANET/experiments/../results/sarl_comparison_parallel_20260612_215830
 SARL Timesteps: 10000
 Seed: 42
 N=50, PHY=5Mbps, Fading=nakagami
============================================================

============================================================
 STEP 2: Training SARL agents on MARL env
============================================================
  Launching 6 training jobs on 6 workers
  SARL: ['tabular', 'dqn', 'ppo', 'a2c', 'mca_d3qn', 'mca_ppo'] (10000 timesteps each)
    --> TABULAR trained.
    --> DQN trained.
    --> PPO trained.
    --> MCA-D3QN trained.
    --> MCA-PPO trained.
    --> A2C trained.
  All training complete.

============================================================
 EXPERIMENT COMPLETE
 Results: /home/laksanthd/SARL_FANET/experiments/../results/sarl_comparison_parallel_20260612_215830
============================================================
