============================================================
 SARL Models on MARL Environment — Comparison Experiment
 Timestamp: 2026-06-11T21:31:28.328594
 Output: /home/laksanthd/SARL_FANET/experiments/../results/sarl_comparison_parallel_20260611_213123
 Timesteps: 10000
 Seed: 42
 Algo: MCA-D3QN
 N=50, PHY=5Mbps, Fading=nakagami
============================================================

============================================================
 STEP 2: Training SARL Models (10000 timesteps)
============================================================
  Training: MCA-D3QN (SARLCentralEnv)
    Saved: /home/laksanthd/SARL_FANET/experiments/../results/sarl_comparison_parallel_20260611_213123/checkpoints/mca_d3qn_model
  Trained 1 models total.

============================================================
 STEP 3: Evaluating SARL Models
============================================================
  Evaluating: MCA-D3QN

============================================================
 EXPERIMENT COMPLETE
 Results: /home/laksanthd/SARL_FANET/experiments/../results/sarl_comparison_parallel_20260611_213123
============================================================
