============================================================
 SARL Models on MARL Environment — Comparison Experiment
 Timestamp: 2026-06-11T21:31:28.339678
 Output: /home/laksanthd/SARL_FANET/experiments/../results/sarl_comparison_parallel_20260611_213123
 Timesteps: 10000
 Seed: 42
 Algo: DQN
 N=50, PHY=5Mbps, Fading=nakagami
============================================================

============================================================
 STEP 2: Training SARL Models (10000 timesteps)
============================================================
  Training: DQN (MARLtoSARLWrapper)
    Saved: /home/laksanthd/SARL_FANET/experiments/../results/sarl_comparison_parallel_20260611_213123/checkpoints/dqn_model
  Trained 1 models total.

============================================================
 STEP 3: Evaluating SARL Models
============================================================
  Evaluating: DQN

============================================================
 EXPERIMENT COMPLETE
 Results: /home/laksanthd/SARL_FANET/experiments/../results/sarl_comparison_parallel_20260611_213123
============================================================
