============================================================
 SARL Models on MARL Environment — Comparison Experiment
 Timestamp: 2026-06-11T21:31:28.315292
 Output: /home/laksanthd/SARL_FANET/experiments/../results/sarl_comparison_parallel_20260611_213123
 Timesteps: 10000
 Seed: 42
 Algo: Tabular
 N=50, PHY=5Mbps, Fading=nakagami
============================================================

============================================================
 STEP 2: Training SARL Models (10000 timesteps)
============================================================
  Training: Tabular Q-Learning (MARLtoSARLWrapper)
    Saved: /home/laksanthd/SARL_FANET/experiments/../results/sarl_comparison_parallel_20260611_213123/checkpoints/tabular_model.json
  Trained 1 models total.

============================================================
 STEP 3: Evaluating SARL Models
============================================================
  Evaluating: Tabular

============================================================
 EXPERIMENT COMPLETE
 Results: /home/laksanthd/SARL_FANET/experiments/../results/sarl_comparison_parallel_20260611_213123
============================================================
