============================================================
 Timestamp: 2026-06-13T02:39:03.755485
 Output: results/sarl_comparison_20260613_021514
 SARL Timesteps: 10000
 Seed: 42
 N=50, PHY=5Mbps, Fading=nakagami
============================================================

============================================================
 STEP 1: Baseline MAC Simulations (MARL Env)
============================================================

============================================================
 STEP 2: Training SARL agents on MARL env
============================================================
  Launching 6 training jobs on 6 workers
  SARL: ['tabular', 'dqn', 'ppo', 'a2c', 'mca_d3qn', 'mca_ppo'] (10000 timesteps each)
  Checkpoint policy: USE_CHECKPOINTS_ONLY (training skipped)

============================================================
 STEP 3: Evaluation Sweep
============================================================
  Loaded SARL: MCA-D3QN
  Loaded SARL: MCA-PPO
  Loaded SARL: DQN
  Loaded SARL: PPO
  Loaded SARL: A2C
  Loaded SARL: Tabular
  Evaluating 6 models across 20 load points
  Saved: results/sarl_comparison_20260613_021514\csv\unified_eval_sweep.csv

============================================================
 STEP 4: Generating Comparison Plots
============================================================
  Saved plots to results/sarl_comparison_20260613_021514\images

============================================================
 EXPERIMENT COMPLETE
 Results: results/sarl_comparison_20260613_021514
============================================================
